1203  ioctl(0, TCGETS, 0x7ecf296c)      = -1 ENOTTY (Not a tty)
1203  ioctl(1, TCGETS, 0x7ecf296c)      = -1 EINVAL (Invalid argument)
1204  ioctl(5, RTC_RD_TIME, {tm_sec=31, tm_min=26, tm_hour=12, tm_mday=24, tm_mon=5, tm_year=126, ...}) = 0
1203  ioctl(4, TCGETS, 0x7ecf1bdc)      = -1 ENOTTY (Not a tty)
1203  ioctl(4, TCGETS, 0x7ecf1984)      = -1 ENOTTY (Not a tty)
1203  ioctl(4, TCGETS, 0x7ecf29a4)      = -1 ENOTTY (Not a tty)
1203  ioctl(4, TCGETS, 0x7ecf1994)      = -1 ENOTTY (Not a tty)
1203  ioctl(4, TCGETS, 0x7ecf17ac)      = -1 ENOTTY (Not a tty)
1203  ioctl(4, TCGETS, 0x7ecf26f4)      = -1 ENOTTY (Not a tty)
1203  ioctl(4, TCGETS, 0x7ecf16e4)      = -1 ENOTTY (Not a tty)
1203  ioctl(4, TCGETS, 0x7ecf198c)      = -1 ENOTTY (Not a tty)
1203  ioctl(4, TCGETS, 0x7ecf198c)      = -1 ENOTTY (Not a tty)
1203  ioctl(4, TCGETS, 0x7ecf198c)      = -1 ENOTTY (Not a tty)
1203  ioctl(4, TCGETS, 0x7ecf198c)      = -1 ENOTTY (Not a tty)
1203  ioctl(4, TCGETS, 0x7ecf17ac)      = -1 ENOTTY (Not a tty)
1203  ioctl(4, TCGETS, 0x7ecf29ac)      = -1 ENOTTY (Not a tty)
1203  ioctl(6, _IOC(0, 0x07, 0x03, 0x00), 0x18) = 0
1203  ioctl(6, _IOC(0, 0x07, 0x07, 0x00), 0x20b0d60) = -1 EREMOTEIO (Remote I/O error)
1203  ioctl(6, _IOC(0, 0x07, 0x07, 0x00), 0x20b0d60) = -1 EREMOTEIO (Remote I/O error)
1203  ioctl(8, _IOC(_IOC_READ, 0x76, 0x52, 0x04), 0x7ecf2c44) = 0
1203  ioctl(8, _IOC(_IOC_WRITE, 0x76, 0x54, 0x04), 0) = 0
1203  ioctl(7, _IOC(_IOC_READ, 0x76, 0x00, 0x04), 0x7ecf2b98) = 0
1203  ioctl(8, _IOC(_IOC_READ, 0x76, 0x70, 0x04), 0x7ecf2c3c) = 0
1203  ioctl(9, TCGETS, 0x7ecf29f4)      = -1 ENOTTY (Not a tty)
1203  ioctl(7, FS_IOC32_SETVERSION or FS_IOC_SETVERSION, 0x7ecf2b98) = 0
1203  ioctl(8, _IOC(_IOC_READ, 0x76, 0x52, 0x04), 0x7ecf2c38) = 0
1203  ioctl(9, TCGETS, 0x7ecf2b04)      = -1 ENOTTY (Not a tty)
1203  ioctl(8, _IOC(_IOC_WRITE, 0x73, 0x16, 0x04), 0x20e1138) = 0
1203  ioctl(8, _IOC(_IOC_READ, 0x73, 0x01, 0x04), 0x7ecf2ba0) = 0
1203  ioctl(8, _IOC(_IOC_READ, 0x73, 0x04, 0x04), 0x7ecf2c34) = 0
1203  ioctl(8, _IOC(_IOC_READ, 0x76, 0x70, 0x04), 0x7ecf2c3c) = 0
1203  ioctl(8, _IOC(_IOC_READ, 0x6d, 0x05, 0x04), 0x7ecf2c40) = 0
1203  ioctl(8, _IOC(_IOC_READ, 0x6d, 0x00, 0x04), 0x7ecf2c28) = 0
1203  ioctl(8, _IOC(_IOC_READ, 0x6d, 0x04, 0x04), 0x7ecf2c40) = 0
1203  ioctl(8, _IOC(_IOC_READ, 0x6d, 0x10, 0x04), 0x7ecf2c28) = 0
1203  ioctl(8, _IOC(_IOC_READ, 0x6d, 0x20, 0x04), 0x7ecf2c3c) = 0
1203  ioctl(8, SOUND_PCM_READ_RATE, 0x7ecf2c44) = 0
1203  ioctl(9, TCGETS, 0x7ecf2ab4)      = -1 ENOTTY (Not a tty)
1203  ioctl(9, TCGETS, 0x7ecf2ab4)      = -1 ENOTTY (Not a tty)
1203  ioctl(9, TCGETS, 0x7ecf2ab4)      = -1 ENOTTY (Not a tty)
1203  ioctl(9, TCGETS, 0x7ecf2ab4)      = -1 ENOTTY (Not a tty)
1203  ioctl(9, TCGETS, 0x7ecf2b54)      = -1 ENOTTY (Not a tty)
1203  ioctl(9, TCGETS, 0x7ecf2964)      = -1 ENOTTY (Not a tty)
1203  ioctl(10, TCGETS, 0x7ecf2944)     = -1 ENOTTY (Not a tty)
1203  ioctl(11, TCGETS, 0x7ecf1f7c)     = -1 ENOTTY (Not a tty)
1203  ioctl(4, WDIOC_SETOPTIONS, 0x7ecf2ae4) = 0
1203  ioctl(4, WDIOC_SETTIMEOUT, 0x7ecf2adc) = 0
1214  ioctl(4, WDIOC_KEEPALIVE, 0)      = 0
1203  ioctl(11, TCGETS, 0x7ecf25a4)     = -1 ENOTTY (Not a tty)
1203  ioctl(11, TCGETS, 0x7ecf25a4)     = -1 ENOTTY (Not a tty)
1203  ioctl(11, TCGETS, 0x7ecf25ac)     = -1 ENOTTY (Not a tty)
1203  ioctl(11, SIOCSIFADDR, {ifr_name="eth0", ifr_addr={AF_INET, inet_addr("192.168.1.10")}}) = 0
1203  ioctl(11, SIOCGIFFLAGS, {ifr_name="eth0", ifr_flags=IFF_UP|IFF_BROADCAST|IFF_MULTICAST}) = 0
1203  ioctl(11, SIOCSIFFLAGS, {ifr_name="eth0", ifr_flags=IFF_UP|IFF_BROADCAST|IFF_RUNNING|IFF_MULTICAST}) = 0
1203  ioctl(11, TCGETS, 0x7ecf285c)     = -1 ENOTTY (Not a tty)
1203  ioctl(11, SIOCSIFNETMASK, {ifr_name="eth0", ifr_netmask={AF_INET, inet_addr("255.255.255.0")}}) = 0
1203  ioctl(11, SIOCGIFFLAGS, {ifr_name="eth0", ifr_flags=IFF_UP|IFF_BROADCAST|IFF_MULTICAST}) = 0
1203  ioctl(11, SIOCSIFFLAGS, {ifr_name="eth0", ifr_flags=IFF_UP|IFF_BROADCAST|IFF_RUNNING|IFF_MULTICAST}) = 0
1203  ioctl(11, TCGETS, 0x7ecf285c)     = -1 ENOTTY (Not a tty)
1203  ioctl(11, TCGETS, 0x7ecf255c)     = -1 ENOTTY (Not a tty)
1203  ioctl(11, SIOCGIFHWADDR, {ifr_name="eth0", ifr_hwaddr=00:46:ca:00:08:d7}) = 0
1213  ioctl(12, TCGETS, 0x75539bdc)     = -1 ENOTTY (Not a tty)
1213  ioctl(12, MIXER_READ(1), {type=MTD_NORFLASH, flags=MTD_WRITEABLE|MTD_BIT_WRITEABLE, size=0x40000, erasesize=0x10000, writesize=0x1, oobsize=0, padding=0}) = 0
1203  ioctl(11, TCGETS, 0x7ecf248c)     = -1 ENOTTY (Not a tty)
1203  ioctl(11, SIOCDELRT <unfinished ...>
1213  ioctl(12, MIXER_READ(1), {type=MTD_NORFLASH, flags=MTD_WRITEABLE|MTD_BIT_WRITEABLE, size=0x10000, erasesize=0x10000, writesize=0x1, oobsize=0, padding=0}) = 0
1203  <... ioctl resumed> , 0x7ecf291c) = -1 ESRCH (No such process)
1203  ioctl(12, TCGETS <unfinished ...>
1213  ioctl(13, MIXER_READ(1), {type=MTD_NORFLASH, flags=MTD_WRITEABLE|MTD_BIT_WRITEABLE, size=0x1e0000, erasesize=0x10000, writesize=0x1, oobsize=0, padding=0}) = 0
1203  <... ioctl resumed> , 0x7ecf230c) = -1 ENOTTY (Not a tty)
1213  ioctl(12, MIXER_READ(1), {type=MTD_NORFLASH, flags=MTD_WRITEABLE|MTD_BIT_WRITEABLE, size=0x230000, erasesize=0x10000, writesize=0x1, oobsize=0, padding=0}) = 0
1213  ioctl(12, MIXER_READ(1), {type=MTD_NORFLASH, flags=MTD_WRITEABLE|MTD_BIT_WRITEABLE, size=0xb10000, erasesize=0x10000, writesize=0x1, oobsize=0, padding=0}) = 0
1203  ioctl(12, TCGETS, 0x7ecf230c)     = -1 ENOTTY (Not a tty)
1203  ioctl(12, TCGETS, 0x7ecf230c)     = -1 ENOTTY (Not a tty)
1213  ioctl(13, MIXER_READ(1), {type=MTD_NORFLASH, flags=MTD_WRITEABLE|MTD_BIT_WRITEABLE, size=0x80000, erasesize=0x10000, writesize=0x1, oobsize=0, padding=0}) = 0
1203  ioctl(11, SIOCDELRT <unfinished ...>
1213  ioctl(12, MIXER_READ(1), {type=MTD_NORFLASH, flags=MTD_WRITEABLE|MTD_BIT_WRITEABLE, size=0x10000, erasesize=0x10000, writesize=0x1, oobsize=0, padding=0}) = 0
1203  <... ioctl resumed> , 0x7ecf291c) = 0
1203  ioctl(11, SIOCADDRT, 0x7ecf291c)  = 0
1203  ioctl(11, SIOCADDRT, 0x7ecf291c)  = 0
1203  ioctl(11, TCGETS, 0x7ecf285c)     = -1 ENOTTY (Not a tty)
1203  ioctl(11, TCGETS, 0x7ecf255c)     = -1 ENOTTY (Not a tty)
1203  ioctl(11, SIOCGIFHWADDR, {ifr_name="eth0", ifr_hwaddr=00:46:ca:00:08:d7}) = 0
1203  ioctl(11, SIOCETHTOOL, 0x7ecf29d8) = 0
1203  ioctl(11, SIOCETHTOOL, 0x7ecf29d8) = 0
1203  ioctl(11, SIOCETHTOOL, 0x7ecf29d8) = 0
1203  ioctl(11, SIOCETHTOOL, 0x7ecf29d8) = 0
1214  ioctl(4, WDIOC_KEEPALIVE, 0)      = 0
1203  ioctl(11, TCGETS, 0x7ecf25c4)     = -1 ENOTTY (Not a tty)
1203  ioctl(11, TCGETS, 0x7ecf25c4)     = -1 ENOTTY (Not a tty)
1203  ioctl(11, TCGETS, 0x7ecf25dc)     = -1 ENOTTY (Not a tty)
1203  ioctl(11, TCGETS, 0x7ecf2444)     = -1 ENOTTY (Not a tty)
1203  ioctl(11, TCGETS, 0x7ecf2444)     = -1 ENOTTY (Not a tty)
1203  ioctl(11, TCGETS, 0x7ecf271c)     = -1 ENOTTY (Not a tty)
1203  ioctl(11, TCGETS, 0x7ecf271c)     = -1 ENOTTY (Not a tty)
1203  ioctl(11, TCGETS, 0x7ecf2594)     = -1 ENOTTY (Not a tty)
1203  ioctl(11, TCGETS, 0x7ecf2854)     = -1 ENOTTY (Not a tty)
1203  ioctl(11, TCGETS, 0x7ecf28b4)     = -1 ENOTTY (Not a tty)
1203  ioctl(11, TCGETS, 0x7ecf2944)     = -1 ENOTTY (Not a tty)
1215  ioctl(11, TCGETS, 0x75139814)     = -1 ENOTTY (Not a tty)
1215  ioctl(11, TCGETS, 0x75139814)     = -1 ENOTTY (Not a tty)
1215  ioctl(11, TCGETS, 0x7513981c)     = -1 ENOTTY (Not a tty)
1203  ioctl(11, TCGETS, 0x7ecf29d4)     = -1 ENOTTY (Not a tty)
1232  ioctl(11, SIOCGIFADDR, {ifr_name="eth0", ifr_addr={AF_INET, inet_addr("192.168.1.10")}}) = 0
1232  ioctl(11, SIOCGIFINDEX, {ifr_name="eth0", ifr_index=2}) = 0
1232  ioctl(11, SIOCGIFHWADDR, {ifr_name="eth0", ifr_hwaddr=00:46:ca:00:08:d7}) = 0
1232  ioctl(11, SIOCGIFADDR <unfinished ...>
1203  ioctl(12, TCGETS, 0x7ecf23ec)     = -1 ENOTTY (Not a tty)
1203  ioctl(12, TCGETS, 0x7ecf281c)     = -1 ENOTTY (Not a tty)
1203  ioctl(12, TCGETS, 0x7ecee5bc)     = -1 ENOTTY (Not a tty)
1203  ioctl(12, TCGETS, 0x7ecee75c)     = -1 ENOTTY (Not a tty)
1237  ioctl(16, TCGETS, 0x74939bec)     = -1 ENOTTY (Not a tty)
1237  ioctl(16, SIOCGIFADDR, {ifr_name="eth0", ifr_addr={AF_INET, inet_addr("192.168.1.10")}}) = 0
1236  ioctl(16, TCGETS, 0x74b393cc)     = -1 ENOTTY (Not a tty)
1203  ioctl(12, TCGETS, 0x7ecee72c)     = -1 ENOTTY (Not a tty)
1203  ioctl(16, TCGETS, 0x7ecf26d4)     = -1 ENOTTY (Not a tty)
1203  ioctl(16, TCGETS, 0x7ecf218c)     = -1 ENOTTY (Not a tty)
1203  ioctl(16, TCGETS, 0x7ecf267c)     = -1 ENOTTY (Not a tty)
1232  <... ioctl resumed> , {ifr_name="eth1", ???}) = -1 ENODEV (No such device)
1203  ioctl(11, TCGETS, 0x7ecf1e74)     = -1 ENOTTY (Not a tty)
1203  ioctl(16, TCGETS, 0x7ecf1e74)     = -1 ENOTTY (Not a tty)
1203  ioctl(11, TCGETS, 0x7ecf264c)     = -1 ENOTTY (Not a tty)
1203  ioctl(11, TCGETS, 0x7ecf217c)     = -1 ENOTTY (Not a tty)
1203  ioctl(11, TCGETS, 0x7ecf217c)     = -1 ENOTTY (Not a tty)
1203  ioctl(11, TCGETS, 0x7ecf2184)     = -1 ENOTTY (Not a tty)
1253  ioctl(11, TCGETS, 0x72867ab4)     = -1 ENOTTY (Not a tty)
1236  ioctl(17, TCGETS, 0x74b393e4)     = -1 ENOTTY (Not a tty)
1203  ioctl(11, TCGETS, 0x7ecf28f4)     = -1 ENOTTY (Not a tty)
1236  ioctl(17, TCGETS, 0x74b398ac)     = -1 ENOTTY (Not a tty)
1203  ioctl(11, TCGETS, 0x7ecf28f4)     = -1 ENOTTY (Not a tty)
1203  ioctl(11, TCGETS, 0x7ecf28bc)     = -1 ENOTTY (Not a tty)
1236  ioctl(17, TCGETS, 0x74b398ac)     = -1 ENOTTY (Not a tty)
1203  ioctl(11, TCGETS, 0x7ecf26cc)     = -1 ENOTTY (Not a tty)
1203  ioctl(11, _IOC(_IOC_WRITE, 0x59, 0x00, 0x04), 0x7ecf270c) = 0
1203  ioctl(11, _IOC(0, 0x59, 0x30, 0x00), 0xa0) = 0
1203  ioctl(11, _IOC(_IOC_WRITE, 0x59, 0x32, 0x04), 0x7ecf26f4) = 0
1203  ioctl(18, _IOC(_IOC_WRITE, 0x59, 0x10, 0x04), 0x7ecf2714) = 0
1203  ioctl(18, _IOC(0, 0x59, 0x30, 0x00), 0x140) = 0
1203  ioctl(18, _IOC(_IOC_WRITE, 0x59, 0x32, 0x04), 0x7ecf26fc) = 0
1203  ioctl(18, _IOC(_IOC_WRITE, 0x59, 0x17, 0x04), 0x7ecf2724) = 0
1264  ioctl(11, _IOC(_IOC_READ, 0x59, 0x06, 0x04) <unfinished ...>
1203  ioctl(11, _IOC(0, 0x59, 0x04, 0x00), 0x20d52b0) = 0
1203  ioctl(8, _IOC(_IOC_READ, 0x76, 0x52, 0x04), 0x20d51e4) = 0
1203  ioctl(8, _IOC(_IOC_READ, 0x76, 0x70, 0x04), 0x7ecf2724) = 0
1203  ioctl(8, _IOC(_IOC_READ, 0x69, 0x20, 0x04), 0x7ecf2704) = 0
1203  ioctl(8, _IOC(_IOC_WRITE, 0x69, 0x21, 0x04), 0x7ecf26f8) = 0
1203  ioctl(8, _IOC(_IOC_READ, 0x73, 0x01, 0x04), 0x7ecf2674) = 0
1203  ioctl(8, _IOC(_IOC_READ, 0x73, 0x02, 0x04) <unfinished ...>
1264  <... ioctl resumed> , 0x7195ad14) = 75
1264  ioctl(11, _IOC(_IOC_READ, 0x59, 0x06, 0x04), 0x7195ad14) = 0
1264  ioctl(11, _IOC(_IOC_READ, 0x59, 0x06, 0x04) <unfinished ...>
1203  <... ioctl resumed> , 0x7ecf26b8) = 0
1203  ioctl(8, _IOC(_IOC_WRITE, 0x69, 0x21, 0x04), 0x7ecf26fc) = 0
1203  ioctl(8, _IOC(_IOC_WRITE, 0x73, 0x03, 0x04) <unfinished ...>
1264  <... ioctl resumed> , 0x7195ad14) = 77
1264  ioctl(11, _IOC(_IOC_READ, 0x59, 0x06, 0x04), 0x7195ad14) = 0
1264  ioctl(11, _IOC(_IOC_READ, 0x59, 0x06, 0x04), 0x7195ad14) = 78
1264  ioctl(11, _IOC(_IOC_READ, 0x59, 0x06, 0x04), 0x7195ad14) = 0
1264  ioctl(11, _IOC(_IOC_READ, 0x59, 0x06, 0x04), 0x7195ad14) = 78
1264  ioctl(11, _IOC(_IOC_READ, 0x59, 0x06, 0x04), 0x7195ad14) = 0
1264  ioctl(11, _IOC(_IOC_READ, 0x59, 0x06, 0x04), 0x7195ad14) = 78
1264  ioctl(11, _IOC(_IOC_READ, 0x59, 0x06, 0x04), 0x7195ad14) = 0
1264  ioctl(11, _IOC(_IOC_READ, 0x59, 0x06, 0x04), 0x7195ad14) = 0
1264  ioctl(11, _IOC(_IOC_READ, 0x59, 0x06, 0x04), 0x7195ad14) = 77
1264  ioctl(11, _IOC(_IOC_READ, 0x59, 0x06, 0x04), 0x7195ad14) = 0
1264  ioctl(11, _IOC(_IOC_READ, 0x59, 0x06, 0x04) <unfinished ...>
1267  +++ exited with 0 +++
1264  <... ioctl resumed> , 0x7195ad14) = 78
1264  ioctl(11, _IOC(_IOC_READ, 0x59, 0x06, 0x04), 0x7195ad14) = 0
1264  ioctl(11, _IOC(_IOC_READ, 0x59, 0x06, 0x04), 0x7195ad14) = 78
1264  ioctl(11, _IOC(_IOC_READ, 0x59, 0x06, 0x04), 0x7195ad14) = 0
1264  ioctl(11, _IOC(_IOC_READ, 0x59, 0x06, 0x04) <unfinished ...>
1237  +++ exited with 0 +++
1264  <... ioctl resumed> , 0x7195ad14) = 78
1264  ioctl(11, _IOC(_IOC_READ, 0x59, 0x06, 0x04), 0x7195ad14) = 0
1264  ioctl(11, _IOC(_IOC_READ, 0x59, 0x06, 0x04), 0x7195ad14) = 78
1264  ioctl(11, _IOC(_IOC_READ, 0x59, 0x06, 0x04), 0x7195ad14) = 0
1264  ioctl(11, _IOC(_IOC_READ, 0x59, 0x06, 0x04), 0x7195ad14) = 78
1264  ioctl(11, _IOC(_IOC_READ, 0x59, 0x06, 0x04), 0x7195ad14) = 0
1264  ioctl(11, _IOC(_IOC_READ, 0x59, 0x06, 0x04), 0x7195ad14) = 78
1264  ioctl(11, _IOC(_IOC_READ, 0x59, 0x06, 0x04), 0x7195ad14) = 0
1264  ioctl(11, _IOC(_IOC_READ, 0x59, 0x06, 0x04), 0x7195ad14) = 78
1264  ioctl(11, _IOC(_IOC_READ, 0x59, 0x06, 0x04), 0x7195ad14) = 0
1264  ioctl(11, _IOC(_IOC_READ, 0x59, 0x06, 0x04), 0x7195ad14) = 78
1264  ioctl(11, _IOC(_IOC_READ, 0x59, 0x06, 0x04), 0x7195ad14) = 0
1264  ioctl(11, _IOC(_IOC_READ, 0x59, 0x06, 0x04) <unfinished ...>
1203  <... ioctl resumed> , 0x990b4120) = 0
1264  <... ioctl resumed> , 0x7195ad14) = 78
1264  ioctl(11, _IOC(_IOC_READ, 0x59, 0x06, 0x04), 0x7195ad14) = 0
1264  ioctl(11, _IOC(_IOC_READ, 0x59, 0x06, 0x04) <unfinished ...>
1203  ioctl(8, _IOC(_IOC_WRITE, 0x73, 0x0b, 0x04), 0x7ecf2748) = 0
1203  ioctl(8, _IOC(_IOC_READ, 0x73, 0x01, 0x04), 0x7ecf2630) = 0
1203  ioctl(8, _IOC(_IOC_WRITE, 0x73, 0x04, 0x04), 0x1388000) = 0
1203  ioctl(8, _IOC(_IOC_READ, 0x73, 0x04, 0x04), 0x7ecf2700) = 0
1203  ioctl(8, _IOC(_IOC_READ, 0x73, 0x05, 0x04), 0x7ecf26e0) = 0
1203  ioctl(8, _IOC(_IOC_READ, 0x76, 0x70, 0x04), 0x7ecf2724) = 0
1203  ioctl(8, _IOC(_IOC_WRITE, 0x76, 0x7b, 0x04) <unfinished ...>
1264  <... ioctl resumed> , 0x7195ad14) = 77
1264  ioctl(11, _IOC(_IOC_READ, 0x59, 0x06, 0x04), 0x7195ad14) = 0
1264  ioctl(11, _IOC(_IOC_READ, 0x59, 0x06, 0x04) <unfinished ...>
1203  <... ioctl resumed> , 0)          = 0
1203  ioctl(8, _IOC(_IOC_READ, 0x76, 0x70, 0x04), 0x7ecf26e4) = 0
1203  ioctl(8, _IOC(_IOC_READ, 0x76, 0x70, 0x04), 0x7ecf2658) = 0
1203  ioctl(8, _IOC(_IOC_READ, 0x76, 0x74, 0x04), 0x7ecf25d0) = 0
1203  ioctl(8, _IOC(_IOC_READ, 0x76, 0x52, 0x04), 0x7ecf265c) = 0
1203  ioctl(8, _IOC(_IOC_WRITE, 0x76, 0x73, 0x04), 0x7ecf25d0) = 0
1203  ioctl(8, _IOC(_IOC_WRITE, 0x76, 0x87, 0x04), 0x7ecf26a4) = 0
1203  ioctl(8, _IOC(_IOC_WRITE, 0x76, 0x83, 0x04), 0x7ecf26cc) = 0
1264  <... ioctl resumed> , 0x7195ad14) = 77
1264  ioctl(11, _IOC(_IOC_READ, 0x59, 0x06, 0x04), 0x7195ad14) = 0
1264  ioctl(11, _IOC(_IOC_READ, 0x59, 0x06, 0x04) <unfinished ...>
1203  ioctl(8, _IOC(_IOC_READ, 0x76, 0x70, 0x04), 0x7ecf25fc) = 0
1203  ioctl(8, _IOC(_IOC_READ, 0x76, 0x70, 0x04), 0x7ecf25c0) = 0
1203  ioctl(8, _IOC(_IOC_READ, 0x76, 0x74, 0x04), 0x7ecf2538) = 0
1203  ioctl(8, _IOC(_IOC_READ, 0x76, 0x52, 0x04), 0x7ecf25c4) = 0
1203  ioctl(8, _IOC(_IOC_WRITE, 0x76, 0x73, 0x04), 0x7ecf2538) = 0
1203  ioctl(8, _IOC(_IOC_WRITE, 0x65, 0x33, 0x04), 0x7ecf25f4) = 0
1203  ioctl(8, _IOC(_IOC_WRITE, 0x65, 0x28, 0x04) <unfinished ...>
1264  <... ioctl resumed> , 0x7195ad14) = 77
1264  ioctl(11, _IOC(_IOC_READ, 0x59, 0x06, 0x04), 0x7195ad14) = 0
1264  ioctl(11, _IOC(_IOC_READ, 0x59, 0x06, 0x04) <unfinished ...>
1203  <... ioctl resumed> , 0x20d0a54)  = 0
1203  ioctl(8, _IOC(_IOC_READ|_IOC_WRITE, 0x65, 0x40, 0x04), 0x20d0a64) = 0
1203  ioctl(8, _IOC(_IOC_READ, 0x76, 0x70, 0x04), 0x7ecf25b8) = 0
1203  ioctl(8, _IOC(_IOC_READ, 0x76, 0x74, 0x04) <unfinished ...>
1264  <... ioctl resumed> , 0x7195ad14) = 78
1264  ioctl(11, _IOC(_IOC_READ, 0x59, 0x06, 0x04), 0x7195ad14) = 0
1264  ioctl(11, _IOC(_IOC_READ, 0x59, 0x06, 0x04) <unfinished ...>
1203  <... ioctl resumed> , 0x7ecf2530) = 0
1203  ioctl(8, _IOC(_IOC_READ, 0x76, 0x52, 0x04), 0x7ecf25bc) = 0
1203  ioctl(8, _IOC(_IOC_WRITE, 0x76, 0x73, 0x04), 0x7ecf2530) = 0
1203  ioctl(8, _IOC(_IOC_WRITE, 0x65, 0x3f, 0x04), 0x20d0a64) = 0
1203  ioctl(8, _IOC(_IOC_WRITE, 0x65, 0x38, 0x04), 0x7ecf25ec) = 0
1203  ioctl(8, _IOC(_IOC_READ|_IOC_WRITE, 0x65, 0x45, 0x04), 0x7ecf25f0) = 0
1203  ioctl(8, _IOC(_IOC_WRITE, 0x65, 0x44, 0x04), 0x7ecf25f0) = 0
1203  ioctl(8, _IOC(_IOC_READ, 0x76, 0x70, 0x04), 0x7ecf25fc) = 0
1203  ioctl(8, _IOC(_IOC_READ, 0x76, 0x70, 0x04), 0x7ecf25c0) = 0
1264  <... ioctl resumed> , 0x7195ad14) = 77
1264  ioctl(11, _IOC(_IOC_READ, 0x59, 0x06, 0x04), 0x7195ad14) = 0
1264  ioctl(11, _IOC(_IOC_READ, 0x59, 0x06, 0x04) <unfinished ...>
1203  ioctl(8, _IOC(_IOC_READ, 0x76, 0x74, 0x04), 0x7ecf2538) = 0
1203  ioctl(8, _IOC(_IOC_READ, 0x76, 0x52, 0x04), 0x7ecf25c4) = 0
1203  ioctl(8, _IOC(_IOC_WRITE, 0x76, 0x73, 0x04), 0x7ecf2538) = 0
1203  ioctl(8, _IOC(_IOC_WRITE, 0x65, 0x33, 0x04), 0x7ecf25f4) = 0
1203  ioctl(8, _IOC(_IOC_WRITE, 0x65, 0x28, 0x04), 0x20d0b38) = 0
1203  ioctl(8, _IOC(_IOC_READ|_IOC_WRITE, 0x65, 0x40, 0x04) <unfinished ...>
1264  <... ioctl resumed> , 0x7195ad14) = 77
1264  ioctl(11, _IOC(_IOC_READ, 0x59, 0x06, 0x04), 0x7195ad14) = 0
1264  ioctl(11, _IOC(_IOC_READ, 0x59, 0x06, 0x04) <unfinished ...>
1203  <... ioctl resumed> , 0x20d0b48)  = 0
1203  ioctl(8, _IOC(_IOC_READ, 0x76, 0x70, 0x04), 0x7ecf25b8) = 0
1203  ioctl(8, _IOC(_IOC_READ, 0x76, 0x74, 0x04), 0x7ecf2530) = 0
1203  ioctl(8, _IOC(_IOC_READ, 0x76, 0x52, 0x04), 0x7ecf25bc) = 0
1203  ioctl(8, _IOC(_IOC_WRITE, 0x76, 0x73, 0x04), 0x7ecf2530) = 0
1203  ioctl(8, _IOC(_IOC_WRITE, 0x65, 0x3f, 0x04), 0x20d0b48) = 0
1203  ioctl(8, _IOC(_IOC_WRITE, 0x65, 0x38, 0x04), 0x7ecf25ec) = 0
1203  ioctl(8, _IOC(_IOC_READ|_IOC_WRITE, 0x65, 0x45, 0x04), 0x7ecf25f0) = 0
1264  <... ioctl resumed> , 0x7195ad14) = 77
1264  ioctl(11, _IOC(_IOC_READ, 0x59, 0x06, 0x04), 0x7195ad14) = 0
1264  ioctl(11, _IOC(_IOC_READ, 0x59, 0x06, 0x04) <unfinished ...>
1203  ioctl(8, _IOC(_IOC_WRITE, 0x65, 0x44, 0x04), 0x7ecf25f0) = 0
1203  ioctl(8, _IOC(_IOC_READ, 0x76, 0x70, 0x04), 0x7ecf25fc) = 0
1203  ioctl(8, _IOC(_IOC_READ, 0x76, 0x70, 0x04), 0x7ecf25c0) = 0
1203  ioctl(8, _IOC(_IOC_READ, 0x76, 0x74, 0x04), 0x7ecf2538) = 0
1203  ioctl(8, _IOC(_IOC_READ, 0x76, 0x52, 0x04), 0x7ecf25c4) = 0
1203  ioctl(8, _IOC(_IOC_WRITE, 0x76, 0x73, 0x04), 0x7ecf2538) = 0
1203  ioctl(8, _IOC(_IOC_WRITE, 0x65, 0x33, 0x04), 0x7ecf25f4) = 0
1203  ioctl(8, _IOC(_IOC_WRITE, 0x65, 0x28, 0x04), 0x20d0c1c) = 0
1264  <... ioctl resumed> , 0x7195ad14) = 77
1264  ioctl(11, _IOC(_IOC_READ, 0x59, 0x06, 0x04), 0x7195ad14) = 0
1264  ioctl(11, _IOC(_IOC_READ, 0x59, 0x06, 0x04) <unfinished ...>
1203  ioctl(8, _IOC(_IOC_READ|_IOC_WRITE, 0x65, 0x40, 0x04), 0x20d0c2c) = 0
1203  ioctl(8, _IOC(_IOC_READ, 0x76, 0x70, 0x04), 0x7ecf25b8) = 0
1203  ioctl(8, _IOC(_IOC_READ, 0x76, 0x74, 0x04), 0x7ecf2530) = 0
1203  ioctl(8, _IOC(_IOC_READ, 0x76, 0x52, 0x04), 0x7ecf25bc) = 0
1203  ioctl(8, _IOC(_IOC_WRITE, 0x76, 0x73, 0x04), 0x7ecf2530) = 0
1203  ioctl(8, _IOC(_IOC_WRITE, 0x65, 0x3f, 0x04) <unfinished ...>
1264  <... ioctl resumed> , 0x7195ad14) = 77
1264  ioctl(11, _IOC(_IOC_READ, 0x59, 0x06, 0x04), 0x7195ad14) = 0
1264  ioctl(11, _IOC(_IOC_READ, 0x59, 0x06, 0x04) <unfinished ...>
1203  <... ioctl resumed> , 0x20d0c2c)  = 0
1203  ioctl(8, _IOC(_IOC_WRITE, 0x65, 0x38, 0x04), 0x7ecf25ec) = 0
1203  ioctl(8, _IOC(_IOC_READ|_IOC_WRITE, 0x65, 0x45, 0x04), 0x7ecf25f0) = 0
1203  ioctl(8, _IOC(_IOC_WRITE, 0x65, 0x44, 0x04), 0x7ecf25f0) = 0
1203  ioctl(8, _IOC(0, 0x76, 0x81, 0x00) <unfinished ...>
1264  <... ioctl resumed> , 0x7195ad14) = 77
1264  ioctl(11, _IOC(_IOC_READ, 0x59, 0x06, 0x04), 0x7195ad14) = 0
1264  ioctl(11, _IOC(_IOC_READ, 0x59, 0x06, 0x04), 0x7195ad14) = 77
1264  ioctl(11, _IOC(_IOC_READ, 0x59, 0x06, 0x04), 0x7195ad14) = 0
1264  ioctl(11, _IOC(_IOC_READ, 0x59, 0x06, 0x04), 0x7195ad14) = 77
1264  ioctl(11, _IOC(_IOC_READ, 0x59, 0x06, 0x04), 0x7195ad14) = 0
1264  ioctl(11, _IOC(_IOC_READ, 0x59, 0x06, 0x04), 0x7195ad14) = 77
1264  ioctl(11, _IOC(_IOC_READ, 0x59, 0x06, 0x04), 0x7195ad14) = 0
1264  ioctl(11, _IOC(_IOC_READ, 0x59, 0x06, 0x04), 0x7195ad14) = 77
1264  ioctl(11, _IOC(_IOC_READ, 0x59, 0x06, 0x04), 0x7195ad14) = 0
1264  ioctl(11, _IOC(_IOC_READ, 0x59, 0x06, 0x04) <unfinished ...>
1203  <... ioctl resumed> , 0)          = 0
1203  ioctl(19, _IOC(_IOC_READ|_IOC_WRITE, 0x76, 0x86, 0x04), 0x7ecf271c) = 0
1203  ioctl(19, _IOC(_IOC_WRITE, 0x70, 0x26, 0x04), 0x7ecf1a90) = 0
1264  <... ioctl resumed> , 0x7195ad14) = 77
1264  ioctl(11, _IOC(_IOC_READ, 0x59, 0x06, 0x04), 0x7195ad14) = 0
1264  ioctl(11, _IOC(_IOC_READ, 0x59, 0x06, 0x04) <unfinished ...>
1271  ioctl(8, _IOC(_IOC_READ|_IOC_WRITE, 0x65, 0x2a, 0x04), 0x74939cf4) = 0
1271  ioctl(8, _IOC(_IOC_READ|_IOC_WRITE, 0x65, 0x29, 0x04), 0x74939ce4) = 0
1271  ioctl(8, _IOC(_IOC_READ|_IOC_WRITE, 0x65, 0x2a, 0x04), 0x74939cf4) = 0
1271  ioctl(8, _IOC(_IOC_READ|_IOC_WRITE, 0x65, 0x29, 0x04), 0x74939ce4) = 0
1264  <... ioctl resumed> , 0x7195ad14) = 77
1271  ioctl(8, _IOC(_IOC_READ|_IOC_WRITE, 0x65, 0x2a, 0x04), 0x74939cf4) = 0
1271  ioctl(8, _IOC(_IOC_READ|_IOC_WRITE, 0x65, 0x29, 0x04), 0x74939ce4) = 0
1264  ioctl(11, _IOC(_IOC_READ, 0x59, 0x06, 0x04), 0x7195ad14) = 0
1264  ioctl(11, _IOC(_IOC_READ, 0x59, 0x06, 0x04), 0x7195ad14) = 0
1264  ioctl(11, _IOC(_IOC_READ, 0x59, 0x06, 0x04) <unfinished ...>
1203  ioctl(8, _IOC(_IOC_WRITE, 0x73, 0x0b, 0x04), 0x7ecf2740) = 0
1271  ioctl(8, _IOC(_IOC_READ|_IOC_WRITE, 0x65, 0x2a, 0x04), 0x74939cf4) = 0
1271  ioctl(8, _IOC(_IOC_READ|_IOC_WRITE, 0x65, 0x29, 0x04), 0x74939ce4) = 0
1264  <... ioctl resumed> , 0x7195ad14) = 76
1264  ioctl(11, _IOC(_IOC_READ, 0x59, 0x06, 0x04), 0x7195ad14) = 0
1264  ioctl(11, _IOC(_IOC_READ, 0x59, 0x06, 0x04) <unfinished ...>
1271  ioctl(8, _IOC(_IOC_READ|_IOC_WRITE, 0x65, 0x2a, 0x04), 0x74939cf4) = 0
1271  ioctl(8, _IOC(_IOC_READ|_IOC_WRITE, 0x65, 0x29, 0x04), 0x74939ce4) = 0
1264  <... ioctl resumed> , 0x7195ad14) = 0
1264  ioctl(11, _IOC(_IOC_READ, 0x59, 0x06, 0x04), 0x7195ad14) = 0
1264  ioctl(11, _IOC(_IOC_READ, 0x59, 0x06, 0x04), 0x7195ad14) = 0
1264  ioctl(11, _IOC(_IOC_READ, 0x59, 0x06, 0x04), 0x7195ad14) = 0
1264  ioctl(11, _IOC(_IOC_READ, 0x59, 0x06, 0x04), 0x7195ad14) = 0
1264  ioctl(11, _IOC(_IOC_READ, 0x59, 0x06, 0x04) <unfinished ...>
1271  ioctl(8, _IOC(_IOC_READ|_IOC_WRITE, 0x65, 0x2a, 0x04), 0x74939cf4) = 0
1271  ioctl(8, _IOC(_IOC_READ|_IOC_WRITE, 0x65, 0x29, 0x04), 0x74939ce4) = 0
1264  <... ioctl resumed> , 0x7195ad14) = 0
1264  ioctl(11, _IOC(_IOC_READ, 0x59, 0x06, 0x04), 0x7195ad14) = 0
1264  ioctl(11, _IOC(_IOC_READ, 0x59, 0x06, 0x04), 0x7195ad14) = 0
1264  ioctl(11, _IOC(_IOC_READ, 0x59, 0x06, 0x04), 0x7195ad14) = 0
1264  ioctl(11, _IOC(_IOC_READ, 0x59, 0x06, 0x04), 0x7195ad14) = 0
1264  ioctl(11, _IOC(_IOC_READ, 0x59, 0x06, 0x04), 0x7195ad14) = 0
1264  ioctl(11, _IOC(_IOC_READ, 0x59, 0x06, 0x04), 0x7195ad14) = 0
1264  ioctl(11, _IOC(_IOC_READ, 0x59, 0x06, 0x04), 0x7195ad14) = 0
1264  ioctl(11, _IOC(_IOC_READ, 0x59, 0x06, 0x04) <unfinished ...>
1271  ioctl(8, _IOC(_IOC_READ|_IOC_WRITE, 0x65, 0x2a, 0x04), 0x74939cf4) = 0
1271  ioctl(8, _IOC(_IOC_READ|_IOC_WRITE, 0x65, 0x29, 0x04), 0x74939ce4) = 0
1203  ioctl(8, _IOC(_IOC_READ, 0x76, 0x52, 0x04) <unfinished ...>
1271  ioctl(8, _IOC(_IOC_READ|_IOC_WRITE, 0x65, 0x2a, 0x04), 0x74939cf4) = 0
1271  ioctl(8, _IOC(_IOC_READ|_IOC_WRITE, 0x65, 0x29, 0x04), 0x74939ce4) = 0
1264  <... ioctl resumed> , 0x7195ad14) = 78
1264  ioctl(11, _IOC(_IOC_READ, 0x59, 0x06, 0x04), 0x7195ad14) = 0
1264  ioctl(11, _IOC(_IOC_READ, 0x59, 0x06, 0x04) <unfinished ...>
1271  ioctl(8, _IOC(_IOC_READ|_IOC_WRITE, 0x65, 0x2a, 0x04), 0x74939cf4) = 0
1271  ioctl(8, _IOC(_IOC_READ|_IOC_WRITE, 0x65, 0x29, 0x04), 0x74939ce4) = 0
1203  <... ioctl resumed> , 0x7ecf26f4) = 0
1203  ioctl(8, _IOC(_IOC_WRITE, 0x6f, 0x00, 0x04), 0x20d8dcc) = 0
1203  ioctl(8, _IOC(_IOC_READ, 0x76, 0x52, 0x04), 0x7ecf26f4) = 0
1203  ioctl(8, _IOC(_IOC_WRITE, 0x6f, 0x00, 0x04), 0x20d8e1c) = 0
1271  ioctl(8, _IOC(_IOC_READ|_IOC_WRITE, 0x65, 0x2a, 0x04), 0x74939cf4) = 0
1271  ioctl(8, _IOC(_IOC_READ|_IOC_WRITE, 0x65, 0x29, 0x04), 0x74939ce4) = 0
1264  <... ioctl resumed> , 0x7195ad14) = 77
1264  ioctl(11, _IOC(_IOC_READ, 0x59, 0x06, 0x04), 0x7195ad14) = 0
1264  ioctl(11, _IOC(_IOC_READ, 0x59, 0x06, 0x04) <unfinished ...>
1271  ioctl(8, _IOC(_IOC_READ|_IOC_WRITE, 0x65, 0x2a, 0x04), 0x74939cf4) = 0
1271  ioctl(8, _IOC(_IOC_READ|_IOC_WRITE, 0x65, 0x29, 0x04), 0x74939ce4) = 0
1203  ioctl(8, _IOC(_IOC_READ, 0x76, 0x52, 0x04), 0x7ecf26f4) = 0
1203  ioctl(8, _IOC(_IOC_WRITE, 0x6f, 0x00, 0x04), 0x20d8e6c) = 0
1271  ioctl(8, _IOC(_IOC_READ|_IOC_WRITE, 0x65, 0x2a, 0x04), 0x74939cf4) = 0
1271  ioctl(8, _IOC(_IOC_READ|_IOC_WRITE, 0x65, 0x29, 0x04), 0x74939ce4) = 0
1203  ioctl(8, _IOC(_IOC_READ, 0x76, 0x52, 0x04), 0x7ecf26f4) = 0
1264  <... ioctl resumed> , 0x7195ad14) = 77
1264  ioctl(11, _IOC(_IOC_READ, 0x59, 0x06, 0x04), 0x7195ad14) = 0
1264  ioctl(11, _IOC(_IOC_READ, 0x59, 0x06, 0x04) <unfinished ...>
1203  ioctl(8, _IOC(_IOC_WRITE, 0x6f, 0x00, 0x04) <unfinished ...>
1271  ioctl(8, _IOC(_IOC_READ|_IOC_WRITE, 0x65, 0x2a, 0x04), 0x74939cf4) = 0
1271  ioctl(8, _IOC(_IOC_READ|_IOC_WRITE, 0x65, 0x29, 0x04), 0x74939ce4) = 0
1203  <... ioctl resumed> , 0x20d8ebc)  = 0
1203  ioctl(8, _IOC(_IOC_READ, 0x76, 0x52, 0x04), 0x7ecf26f4) = 0
1271  ioctl(8, _IOC(_IOC_READ|_IOC_WRITE, 0x65, 0x2a, 0x04), 0x74939cf4) = 0
1271  ioctl(8, _IOC(_IOC_READ|_IOC_WRITE, 0x65, 0x29, 0x04), 0x74939ce4) = 0
1264  <... ioctl resumed> , 0x7195ad14) = 77
1264  ioctl(11, _IOC(_IOC_READ, 0x59, 0x06, 0x04), 0x7195ad14) = 0
1264  ioctl(11, _IOC(_IOC_READ, 0x59, 0x06, 0x04) <unfinished ...>
1271  ioctl(8, _IOC(_IOC_READ|_IOC_WRITE, 0x65, 0x2a, 0x04), 0x74939cf4) = 0
1271  ioctl(8, _IOC(_IOC_READ|_IOC_WRITE, 0x65, 0x29, 0x04), 0x74939ce4) = 0
1203  ioctl(8, _IOC(_IOC_WRITE, 0x6f, 0x00, 0x04), 0x20d8dcc) = 0
1203  ioctl(8, _IOC(_IOC_READ, 0x76, 0x52, 0x04), 0x7ecf26f4) = 0
1203  ioctl(8, _IOC(_IOC_WRITE, 0x6f, 0x00, 0x04), 0x20d8e1c) = 0
1203  ioctl(8, _IOC(_IOC_READ, 0x76, 0x52, 0x04), 0x7ecf26f4) = 0
1271  ioctl(8, _IOC(_IOC_READ|_IOC_WRITE, 0x65, 0x2a, 0x04), 0x74939cf4) = 0
1271  ioctl(8, _IOC(_IOC_READ|_IOC_WRITE, 0x65, 0x29, 0x04), 0x74939ce4) = 0
1264  <... ioctl resumed> , 0x7195ad14) = 77
1264  ioctl(11, _IOC(_IOC_READ, 0x59, 0x06, 0x04), 0x7195ad14) = 0
1264  ioctl(11, _IOC(_IOC_READ, 0x59, 0x06, 0x04) <unfinished ...>
1271  ioctl(8, _IOC(_IOC_READ|_IOC_WRITE, 0x65, 0x2a, 0x04), 0x74939cf4) = 0
1271  ioctl(8, _IOC(_IOC_READ|_IOC_WRITE, 0x65, 0x29, 0x04), 0x74939ce4) = 0
1203  ioctl(8, _IOC(_IOC_WRITE, 0x6f, 0x00, 0x04), 0x20d8e6c) = 0
1203  ioctl(8, _IOC(_IOC_READ, 0x76, 0x52, 0x04), 0x7ecf26f4) = 0
1203  ioctl(8, _IOC(_IOC_WRITE, 0x6f, 0x00, 0x04), 0x20d8ebc) = 0
1271  ioctl(8, _IOC(_IOC_READ|_IOC_WRITE, 0x65, 0x2a, 0x04), 0x74939cf4) = 0
1271  ioctl(8, _IOC(_IOC_READ|_IOC_WRITE, 0x65, 0x29, 0x04), 0x74939ce4) = 0
1264  <... ioctl resumed> , 0x7195ad14) = 77
1264  ioctl(11, _IOC(_IOC_READ, 0x59, 0x06, 0x04), 0x7195ad14) = 0
1264  ioctl(11, _IOC(_IOC_READ, 0x59, 0x06, 0x04) <unfinished ...>
1271  ioctl(8, _IOC(_IOC_READ|_IOC_WRITE, 0x65, 0x2a, 0x04), 0x74939cf4) = 0
1271  ioctl(8, _IOC(_IOC_READ|_IOC_WRITE, 0x65, 0x29, 0x04), 0x74939ce4) = 0
1203  ioctl(19, TCGETS <unfinished ...>
1271  ioctl(8, _IOC(_IOC_READ|_IOC_WRITE, 0x65, 0x2a, 0x04), 0x74939cf4) = 0
1271  ioctl(8, _IOC(_IOC_READ|_IOC_WRITE, 0x65, 0x29, 0x04), 0x74939ce4) = 0
1203  <... ioctl resumed> , 0x7ecf2924) = -1 ENOTTY (Not a tty)
1264  <... ioctl resumed> , 0x7195ad14) = 77
1264  ioctl(11, _IOC(_IOC_READ, 0x59, 0x06, 0x04), 0x7195ad14) = 0
1271  ioctl(8, _IOC(_IOC_READ|_IOC_WRITE, 0x65, 0x2a, 0x04), 0x74939cf4) = 0
1271  ioctl(8, _IOC(_IOC_READ|_IOC_WRITE, 0x65, 0x29, 0x04), 0x74939ce4) = 0
1264  ioctl(11, _IOC(_IOC_READ, 0x59, 0x06, 0x04), 0x7195ad14) = 78
1264  ioctl(11, _IOC(_IOC_READ, 0x59, 0x06, 0x04), 0x7195ad14) = 0
1264  ioctl(11, _IOC(_IOC_READ, 0x59, 0x06, 0x04) <unfinished ...>
1271  ioctl(8, _IOC(_IOC_READ|_IOC_WRITE, 0x65, 0x2a, 0x04), 0x74939cf4) = 0
1271  ioctl(8, _IOC(_IOC_READ|_IOC_WRITE, 0x65, 0x29, 0x04), 0x74939ce4) = 0
1203  ioctl(19, TCGETS, 0x7ecf2924)     = -1 ENOTTY (Not a tty)
1271  ioctl(8, _IOC(_IOC_READ|_IOC_WRITE, 0x65, 0x2a, 0x04), 0x74939cf4) = 0
1271  ioctl(8, _IOC(_IOC_READ|_IOC_WRITE, 0x65, 0x29, 0x04), 0x74939ce4) = 0
1271  ioctl(8, _IOC(_IOC_READ|_IOC_WRITE, 0x65, 0x2a, 0x04), 0x74939cf4) = 0
1271  ioctl(8, _IOC(_IOC_READ|_IOC_WRITE, 0x65, 0x29, 0x04), 0x74939ce4) = 0
1264  <... ioctl resumed> , 0x7195ad14) = 77
1264  ioctl(11, _IOC(_IOC_READ, 0x59, 0x06, 0x04), 0x7195ad14) = 0
1264  ioctl(11, _IOC(_IOC_READ, 0x59, 0x06, 0x04) <unfinished ...>
1274  ioctl(0, TCGETS, 0x7115aad4)      = -1 ENOTTY (Not a tty)
1274  ioctl(0, SNDCTL_TMR_START or TCSETS, {B0 -opost -isig icanon echo ...}) = -1 ENOTTY (Not a tty)
1271  ioctl(8, _IOC(_IOC_READ|_IOC_WRITE, 0x65, 0x2a, 0x04), 0x74939cf4) = 0
1271  ioctl(8, _IOC(_IOC_READ|_IOC_WRITE, 0x65, 0x29, 0x04), 0x74939ce4) = 0
1264  <... ioctl resumed> , 0x7195ad14) = 77
1264  ioctl(11, _IOC(_IOC_READ, 0x59, 0x06, 0x04), 0x7195ad14) = 0
1271  ioctl(8, _IOC(_IOC_READ|_IOC_WRITE, 0x65, 0x2a, 0x04), 0x74939cf4) = 0
1271  ioctl(8, _IOC(_IOC_READ|_IOC_WRITE, 0x65, 0x29, 0x04), 0x74939ce4) = 0
1264  ioctl(11, _IOC(_IOC_READ, 0x59, 0x06, 0x04) <unfinished ...>
1271  ioctl(8, _IOC(_IOC_READ|_IOC_WRITE, 0x65, 0x2a, 0x04), 0x74939cf4) = 0
1271  ioctl(8, _IOC(_IOC_READ|_IOC_WRITE, 0x65, 0x29, 0x04), 0x74939ce4) = 0
1264  <... ioctl resumed> , 0x7195ad14) = 78
1264  ioctl(11, _IOC(_IOC_READ, 0x59, 0x06, 0x04), 0x7195ad14) = 0
1264  ioctl(11, _IOC(_IOC_READ, 0x59, 0x06, 0x04) <unfinished ...>
1271  ioctl(8, _IOC(_IOC_READ|_IOC_WRITE, 0x65, 0x2a, 0x04), 0x74939cf4) = 0
1271  ioctl(8, _IOC(_IOC_READ|_IOC_WRITE, 0x65, 0x29, 0x04), 0x74939ce4) = 0
1271  ioctl(8, _IOC(_IOC_READ|_IOC_WRITE, 0x65, 0x2a, 0x04), 0x74939cf4) = 0
1271  ioctl(8, _IOC(_IOC_READ|_IOC_WRITE, 0x65, 0x29, 0x04), 0x74939ce4) = 0
1271  ioctl(8, _IOC(_IOC_READ|_IOC_WRITE, 0x65, 0x2a, 0x04), 0x74939cf4) = 0
1271  ioctl(8, _IOC(_IOC_READ|_IOC_WRITE, 0x65, 0x29, 0x04), 0x74939ce4) = 0
1264  <... ioctl resumed> , 0x7195ad14) = 77
1264  ioctl(11, _IOC(_IOC_READ, 0x59, 0x06, 0x04), 0x7195ad14) = 0
1264  ioctl(11, _IOC(_IOC_READ, 0x59, 0x06, 0x04) <unfinished ...>
1271  ioctl(8, _IOC(_IOC_READ|_IOC_WRITE, 0x65, 0x2a, 0x04), 0x74939cf4) = 0
1271  ioctl(8, _IOC(_IOC_READ|_IOC_WRITE, 0x65, 0x29, 0x04), 0x74939ce4) = 0
1271  ioctl(8, _IOC(_IOC_READ|_IOC_WRITE, 0x65, 0x2a, 0x04), 0x74939cf4) = 0
1271  ioctl(8, _IOC(_IOC_READ|_IOC_WRITE, 0x65, 0x29, 0x04), 0x74939ce4) = 0
1264  <... ioctl resumed> , 0x7195ad14) = 77
1264  ioctl(11, _IOC(_IOC_READ, 0x59, 0x06, 0x04), 0x7195ad14) = 0
1271  ioctl(8, _IOC(_IOC_READ|_IOC_WRITE, 0x65, 0x2a, 0x04), 0x74939cf4) = 0
1271  ioctl(8, _IOC(_IOC_READ|_IOC_WRITE, 0x65, 0x29, 0x04), 0x74939ce4) = 0
1264  ioctl(11, _IOC(_IOC_READ, 0x59, 0x06, 0x04), 0x7195ad14) = 77
1264  ioctl(11, _IOC(_IOC_READ, 0x59, 0x06, 0x04), 0x7195ad14) = 0
1271  ioctl(8, _IOC(_IOC_READ|_IOC_WRITE, 0x65, 0x2a, 0x04), 0x74939cf4) = 0
1271  ioctl(8, _IOC(_IOC_READ|_IOC_WRITE, 0x65, 0x29, 0x04), 0x74939ce4) = 0
1264  ioctl(11, _IOC(_IOC_READ, 0x59, 0x06, 0x04) <unfinished ...>
1203  ioctl(8, _IOC(_IOC_READ, 0x76, 0x70, 0x04), 0x7ecf29f4) = 0
1271  ioctl(8, _IOC(_IOC_READ|_IOC_WRITE, 0x65, 0x2a, 0x04), 0x74939cf4) = 0
1271  ioctl(8, _IOC(_IOC_READ|_IOC_WRITE, 0x65, 0x29, 0x04), 0x74939ce4) = 0
1203  ioctl(8, _IOC(_IOC_READ|_IOC_WRITE, 0x65, 0x2a, 0x04) <unfinished ...>
1271  ioctl(8, _IOC(_IOC_READ|_IOC_WRITE, 0x65, 0x2a, 0x04), 0x74939cf4) = 0
1271  ioctl(8, _IOC(_IOC_READ|_IOC_WRITE, 0x65, 0x29, 0x04), 0x74939ce4) = 0
1264  <... ioctl resumed> , 0x7195ad14) = 77
1264  ioctl(11, _IOC(_IOC_READ, 0x59, 0x06, 0x04), 0x7195ad14) = 0
1264  ioctl(11, _IOC(_IOC_READ, 0x59, 0x06, 0x04) <unfinished ...>
1203  <... ioctl resumed> , 0x7ecf29e8) = 0
1203  ioctl(8, _IOC(_IOC_READ|_IOC_WRITE, 0x65, 0x2a, 0x04), 0x7ecf29e8) = 0
1203  ioctl(8, _IOC(_IOC_READ|_IOC_WRITE, 0x65, 0x2a, 0x04), 0x7ecf29e8) = 0
1203  ioctl(8, _IOC(_IOC_READ|_IOC_WRITE, 0x65, 0x2a, 0x04), 0x7ecf29e8) = 0
1203  ioctl(8, _IOC(_IOC_WRITE, 0x65, 0x41, 0x04) <unfinished ...>
1271  ioctl(8, _IOC(_IOC_READ|_IOC_WRITE, 0x65, 0x2a, 0x04) <unfinished ...>
1264  <... ioctl resumed> , 0x7195ad14) = 77
1264  ioctl(11, _IOC(_IOC_READ, 0x59, 0x06, 0x04), 0x7195ad14) = 0
1264  ioctl(11, _IOC(_IOC_READ, 0x59, 0x06, 0x04), 0x7195ad14) = 77
1264  ioctl(11, _IOC(_IOC_READ, 0x59, 0x06, 0x04), 0x7195ad14) = 0
1264  ioctl(11, _IOC(_IOC_READ, 0x59, 0x06, 0x04) <unfinished ...>
1271  <... ioctl resumed> , 0x74939cf4) = 0
1271  ioctl(8, _IOC(_IOC_READ|_IOC_WRITE, 0x65, 0x29, 0x04), 0x74939ce4) = 0
1271  ioctl(8, _IOC(_IOC_READ, 0x65, 0x37, 0x04) <unfinished ...>
1264  <... ioctl resumed> , 0x7195ad14) = 77
1264  ioctl(11, _IOC(_IOC_READ, 0x59, 0x06, 0x04), 0x7195ad14) = 0
1264  ioctl(11, _IOC(_IOC_READ, 0x59, 0x06, 0x04) <unfinished ...>
1271  <... ioctl resumed> , 0x74939cc8) = 0
1271  ioctl(8, _IOC(_IOC_READ|_IOC_WRITE, 0x65, 0x2a, 0x04), 0x74939cf4) = 0
1271  ioctl(8, _IOC(_IOC_READ|_IOC_WRITE, 0x65, 0x29, 0x04), 0x74939ce4) = 0
1203  <... ioctl resumed> , 0x1)        = 0
1271  ioctl(8, _IOC(_IOC_READ|_IOC_WRITE, 0x65, 0x2a, 0x04), 0x74939cf4) = 0
1271  ioctl(8, _IOC(_IOC_READ|_IOC_WRITE, 0x65, 0x29, 0x04), 0x74939ce4) = 0
1264  <... ioctl resumed> , 0x7195ad14) = 77
1264  ioctl(11, _IOC(_IOC_READ, 0x59, 0x06, 0x04), 0x7195ad14) = 0
1264  ioctl(11, _IOC(_IOC_READ, 0x59, 0x06, 0x04) <unfinished ...>
1271  ioctl(8, _IOC(_IOC_READ|_IOC_WRITE, 0x65, 0x2a, 0x04), 0x74939cf4) = 0
1271  ioctl(8, _IOC(_IOC_READ|_IOC_WRITE, 0x65, 0x29, 0x04), 0x74939ce4) = 0
1271  ioctl(8, _IOC(_IOC_READ, 0x65, 0x37, 0x04), 0x74939cc8) = 0
1271  ioctl(8, _IOC(_IOC_READ|_IOC_WRITE, 0x65, 0x2a, 0x04), 0x74939cf4) = 0
1271  ioctl(8, _IOC(_IOC_READ|_IOC_WRITE, 0x65, 0x29, 0x04), 0x74939ce4) = 0
1264  <... ioctl resumed> , 0x7195ad14) = 77
1264  ioctl(11, _IOC(_IOC_READ, 0x59, 0x06, 0x04) <unfinished ...>
1271  ioctl(8, _IOC(_IOC_READ|_IOC_WRITE, 0x65, 0x2a, 0x04), 0x74939cf4) = 0
1271  ioctl(8, _IOC(_IOC_READ|_IOC_WRITE, 0x65, 0x29, 0x04), 0x74939ce4) = 0
1264  <... ioctl resumed> , 0x7195ad14) = 0
1264  ioctl(11, _IOC(_IOC_READ, 0x59, 0x06, 0x04) <unfinished ...>
1271  ioctl(8, _IOC(_IOC_READ|_IOC_WRITE, 0x65, 0x2a, 0x04), 0x74939cf4) = 0
1271  ioctl(8, _IOC(_IOC_READ|_IOC_WRITE, 0x65, 0x29, 0x04), 0x74939ce4) = 0
1271  ioctl(8, _IOC(_IOC_READ, 0x65, 0x37, 0x04), 0x74939cc8) = 0
1271  ioctl(8, _IOC(_IOC_READ|_IOC_WRITE, 0x65, 0x2a, 0x04), 0x74939cf4) = 0
1271  ioctl(8, _IOC(_IOC_READ|_IOC_WRITE, 0x65, 0x29, 0x04), 0x74939ce4) = 0
1264  <... ioctl resumed> , 0x7195ad14) = 77
1264  ioctl(11, _IOC(_IOC_READ, 0x59, 0x06, 0x04), 0x7195ad14) = 0
1264  ioctl(11, _IOC(_IOC_READ, 0x59, 0x06, 0x04) <unfinished ...>
1271  ioctl(8, _IOC(_IOC_READ|_IOC_WRITE, 0x65, 0x2a, 0x04), 0x74939cf4) = 0
1271  ioctl(8, _IOC(_IOC_READ|_IOC_WRITE, 0x65, 0x29, 0x04), 0x74939ce4) = 0
1264  <... ioctl resumed> , 0x7195ad14) = 78
1271  ioctl(8, _IOC(_IOC_READ|_IOC_WRITE, 0x65, 0x2a, 0x04), 0x74939cf4) = 0
1271  ioctl(8, _IOC(_IOC_READ|_IOC_WRITE, 0x65, 0x29, 0x04), 0x74939ce4) = 0
1271  ioctl(8, _IOC(_IOC_READ, 0x65, 0x37, 0x04), 0x74939cc8) = 0
1271  ioctl(8, _IOC(_IOC_READ|_IOC_WRITE, 0x65, 0x2a, 0x04), 0x74939cf4) = 0
1271  ioctl(8, _IOC(_IOC_READ|_IOC_WRITE, 0x65, 0x29, 0x04), 0x74939ce4) = 0
1264  ioctl(11, _IOC(_IOC_READ, 0x59, 0x06, 0x04), 0x7195ad14) = 0
1264  ioctl(11, _IOC(_IOC_READ, 0x59, 0x06, 0x04), 0x7195ad14) = 0
1264  ioctl(11, _IOC(_IOC_READ, 0x59, 0x06, 0x04) <unfinished ...>
1271  ioctl(8, _IOC(_IOC_READ|_IOC_WRITE, 0x65, 0x2a, 0x04), 0x74939cf4) = 0
1271  ioctl(8, _IOC(_IOC_READ|_IOC_WRITE, 0x65, 0x29, 0x04), 0x74939ce4) = 0
1203  ioctl(8, _IOC(_IOC_READ, 0x76, 0x70, 0x04), 0x7ecf29f4) = 0
1203  ioctl(8, _IOC(_IOC_READ|_IOC_WRITE, 0x65, 0x2a, 0x04) <unfinished ...>
1271  ioctl(8, _IOC(_IOC_READ|_IOC_WRITE, 0x65, 0x2a, 0x04), 0x74939cf4) = 0
1271  ioctl(8, _IOC(_IOC_READ|_IOC_WRITE, 0x65, 0x29, 0x04), 0x74939ce4) = 0
1271  ioctl(8, _IOC(_IOC_READ, 0x65, 0x37, 0x04), 0x74939cc8) = 0
1271  ioctl(8, _IOC(_IOC_READ|_IOC_WRITE, 0x65, 0x2a, 0x04), 0x74939cf4) = 0
1271  ioctl(8, _IOC(_IOC_READ|_IOC_WRITE, 0x65, 0x29, 0x04), 0x74939ce4) = 0
1264  <... ioctl resumed> , 0x7195ad14) = 76
1264  ioctl(11, _IOC(_IOC_READ, 0x59, 0x06, 0x04), 0x7195ad14) = 0
1264  ioctl(11, _IOC(_IOC_READ, 0x59, 0x06, 0x04) <unfinished ...>
1271  ioctl(8, _IOC(_IOC_READ|_IOC_WRITE, 0x65, 0x2a, 0x04), 0x74939cf4) = 0
1271  ioctl(8, _IOC(_IOC_READ|_IOC_WRITE, 0x65, 0x29, 0x04), 0x74939ce4) = 0
1203  <... ioctl resumed> , 0x7ecf29e8) = 0
1203  ioctl(8, _IOC(_IOC_READ|_IOC_WRITE, 0x65, 0x2a, 0x04), 0x7ecf29e8) = 0
1203  ioctl(8, _IOC(_IOC_READ|_IOC_WRITE, 0x65, 0x2a, 0x04), 0x7ecf29e8) = 0
1203  ioctl(8, _IOC(_IOC_READ|_IOC_WRITE, 0x65, 0x2a, 0x04) <unfinished ...>
1264  <... ioctl resumed> , 0x7195ad14) = 77
1264  ioctl(11, _IOC(_IOC_READ, 0x59, 0x06, 0x04), 0x7195ad14) = 0
1271  ioctl(8, _IOC(_IOC_READ|_IOC_WRITE, 0x65, 0x2a, 0x04), 0x74939cf4) = 0
1271  ioctl(8, _IOC(_IOC_READ|_IOC_WRITE, 0x65, 0x29, 0x04), 0x74939ce4) = 0
1271  ioctl(8, _IOC(_IOC_READ, 0x65, 0x37, 0x04), 0x74939cc8) = 0
1271  ioctl(8, _IOC(_IOC_READ|_IOC_WRITE, 0x65, 0x2a, 0x04), 0x74939cf4) = 0
1271  ioctl(8, _IOC(_IOC_READ|_IOC_WRITE, 0x65, 0x29, 0x04), 0x74939ce4) = 0
1264  ioctl(11, _IOC(_IOC_READ, 0x59, 0x06, 0x04) <unfinished ...>
1271  ioctl(8, _IOC(_IOC_READ|_IOC_WRITE, 0x65, 0x2a, 0x04), 0x74939cf4) = 0
1271  ioctl(8, _IOC(_IOC_READ|_IOC_WRITE, 0x65, 0x29, 0x04), 0x74939ce4) = 0
1264  <... ioctl resumed> , 0x7195ad14) = 0
1264  ioctl(11, _IOC(_IOC_READ, 0x59, 0x06, 0x04), 0x7195ad14) = 0
1264  ioctl(11, _IOC(_IOC_READ, 0x59, 0x06, 0x04), 0x7195ad14) = 0
1264  ioctl(11, _IOC(_IOC_READ, 0x59, 0x06, 0x04), 0x7195ad14) = 0
1264  ioctl(11, _IOC(_IOC_READ, 0x59, 0x06, 0x04), 0x7195ad14) = 0
1264  ioctl(11, _IOC(_IOC_READ, 0x59, 0x06, 0x04), 0x7195ad14) = 0
1264  ioctl(11, _IOC(_IOC_READ, 0x59, 0x06, 0x04), 0x7195ad14) = 0
1264  ioctl(11, _IOC(_IOC_READ, 0x59, 0x06, 0x04) <unfinished ...>
1271  ioctl(8, _IOC(_IOC_READ, 0x76, 0x52, 0x04), 0x74939c9c) = 0
1271  ioctl(8, _IOC(_IOC_WRITE, 0x6f, 0x00, 0x04), 0x20d8dcc) = 0
1271  ioctl(8, _IOC(_IOC_READ, 0x76, 0x52, 0x04), 0x74939c9c) = 0
1271  ioctl(8, _IOC(_IOC_WRITE, 0x6f, 0x00, 0x04), 0x20d8e1c) = 0
1271  ioctl(8, _IOC(_IOC_READ, 0x76, 0x52, 0x04), 0x74939c9c) = 0
1271  ioctl(8, _IOC(_IOC_WRITE, 0x6f, 0x00, 0x04), 0x20d8e6c) = 0
1271  ioctl(8, _IOC(_IOC_READ|_IOC_WRITE, 0x65, 0x2a, 0x04), 0x74939cf4) = 0
1271  ioctl(8, _IOC(_IOC_READ|_IOC_WRITE, 0x65, 0x29, 0x04), 0x74939ce4) = 0
1271  ioctl(8, _IOC(_IOC_READ, 0x65, 0x37, 0x04), 0x74939cc8) = 0
1271  ioctl(8, _IOC(_IOC_READ|_IOC_WRITE, 0x65, 0x2a, 0x04), 0x74939cf4) = 0
1271  ioctl(8, _IOC(_IOC_READ|_IOC_WRITE, 0x65, 0x29, 0x04), 0x74939ce4) = 0
1264  <... ioctl resumed> , 0x7195ad14) = 0
1264  ioctl(11, _IOC(_IOC_READ, 0x59, 0x06, 0x04), 0x7195ad14) = 0
1264  ioctl(11, _IOC(_IOC_READ, 0x59, 0x06, 0x04), 0x7195ad14) = 0
1264  ioctl(11, _IOC(_IOC_READ, 0x59, 0x06, 0x04) <unfinished ...>
1271  ioctl(8, _IOC(_IOC_READ|_IOC_WRITE, 0x65, 0x2a, 0x04), 0x74939cf4) = 0
1271  ioctl(8, _IOC(_IOC_READ|_IOC_WRITE, 0x65, 0x29, 0x04), 0x74939ce4) = 0
1264  <... ioctl resumed> , 0x7195ad14) = 0
1264  ioctl(11, _IOC(_IOC_READ, 0x59, 0x06, 0x04), 0x7195ad14) = 0
1264  ioctl(11, _IOC(_IOC_READ, 0x59, 0x06, 0x04), 0x7195ad14) = 0
1264  ioctl(11, _IOC(_IOC_READ, 0x59, 0x06, 0x04), 0x7195ad14) = 0
1264  ioctl(11, _IOC(_IOC_READ, 0x59, 0x06, 0x04), 0x7195ad14) = 0
1264  ioctl(11, _IOC(_IOC_READ, 0x59, 0x06, 0x04), 0x7195ad14) = 0
1264  ioctl(11, _IOC(_IOC_READ, 0x59, 0x06, 0x04) <unfinished ...>
1214  ioctl(4, WDIOC_KEEPALIVE <unfinished ...>
1271  ioctl(8, _IOC(_IOC_READ|_IOC_WRITE, 0x65, 0x2a, 0x04), 0x74939cf4) = 0
1271  ioctl(8, _IOC(_IOC_READ|_IOC_WRITE, 0x65, 0x29, 0x04), 0x74939ce4) = 0
1271  ioctl(8, _IOC(_IOC_READ, 0x65, 0x37, 0x04), 0x74939cc8) = 0
1271  ioctl(8, _IOC(_IOC_READ|_IOC_WRITE, 0x65, 0x2a, 0x04), 0x74939cf4) = 0
1271  ioctl(8, _IOC(_IOC_READ|_IOC_WRITE, 0x65, 0x29, 0x04), 0x74939ce4) = 0
1271  ioctl(8, _IOC(_IOC_READ|_IOC_WRITE, 0x65, 0x2a, 0x04), 0x74939cf4) = 0
1271  ioctl(8, _IOC(_IOC_READ|_IOC_WRITE, 0x65, 0x29, 0x04), 0x74939ce4) = 0
1264  <... ioctl resumed> , 0x7195ad14) = 77
1264  ioctl(11, _IOC(_IOC_READ, 0x59, 0x06, 0x04), 0x7195ad14) = 0
1264  ioctl(11, _IOC(_IOC_READ, 0x59, 0x06, 0x04) <unfinished ...>
1214  <... ioctl resumed> , 0)          = 0
1203  <... ioctl resumed> , 0x7ecf29e8) = 0
1271  ioctl(8, _IOC(_IOC_READ|_IOC_WRITE, 0x65, 0x2a, 0x04), 0x74939cf4) = 0
1271  ioctl(8, _IOC(_IOC_READ|_IOC_WRITE, 0x65, 0x29, 0x04), 0x74939ce4) = 0
1271  ioctl(8, _IOC(_IOC_READ, 0x65, 0x37, 0x04), 0x74939cc8) = 0
1271  ioctl(8, _IOC(_IOC_READ|_IOC_WRITE, 0x65, 0x2a, 0x04), 0x74939cf4) = 0
1271  ioctl(8, _IOC(_IOC_READ|_IOC_WRITE, 0x65, 0x29, 0x04), 0x74939ce4) = 0
1264  <... ioctl resumed> , 0x7195ad14) = 77
1264  ioctl(11, _IOC(_IOC_READ, 0x59, 0x06, 0x04), 0x7195ad14) = 0
1264  ioctl(11, _IOC(_IOC_READ, 0x59, 0x06, 0x04) <unfinished ...>
1271  ioctl(8, _IOC(_IOC_READ|_IOC_WRITE, 0x65, 0x2a, 0x04), 0x74939cf4) = 0
1271  ioctl(8, _IOC(_IOC_READ|_IOC_WRITE, 0x65, 0x29, 0x04), 0x74939ce4) = 0
1203  ioctl(8, _IOC(_IOC_WRITE, 0x65, 0x41, 0x04) <unfinished ...>
1264  <... ioctl resumed> , 0x7195ad14) = 77
1264  ioctl(11, _IOC(_IOC_READ, 0x59, 0x06, 0x04), 0x7195ad14) = 0
1264  ioctl(11, _IOC(_IOC_READ, 0x59, 0x06, 0x04) <unfinished ...>
1271  ioctl(8, _IOC(_IOC_READ|_IOC_WRITE, 0x65, 0x2a, 0x04) <unfinished ...>
1264  <... ioctl resumed> , 0x7195ad14) = 77
1264  ioctl(11, _IOC(_IOC_READ, 0x59, 0x06, 0x04), 0x7195ad14) = 0
1264  ioctl(11, _IOC(_IOC_READ, 0x59, 0x06, 0x04) <unfinished ...>
1271  <... ioctl resumed> , 0x74939cf4) = 0
1271  ioctl(8, _IOC(_IOC_READ|_IOC_WRITE, 0x65, 0x29, 0x04), 0x74939ce4) = 0
1271  ioctl(8, _IOC(_IOC_READ, 0x65, 0x37, 0x04), 0x74939cc8) = 0
1271  ioctl(8, _IOC(_IOC_READ|_IOC_WRITE, 0x65, 0x2a, 0x04), 0x74939cf4) = 0
1271  ioctl(8, _IOC(_IOC_READ|_IOC_WRITE, 0x65, 0x29, 0x04), 0x74939ce4) = 0
1271  ioctl(8, _IOC(_IOC_READ, 0x65, 0x37, 0x04), 0x74939cc8) = 0
1271  ioctl(8, _IOC(_IOC_READ|_IOC_WRITE, 0x65, 0x2a, 0x04), 0x74939cf4) = 0
1271  ioctl(8, _IOC(_IOC_READ|_IOC_WRITE, 0x65, 0x29, 0x04), 0x74939ce4) = 0
1264  <... ioctl resumed> , 0x7195ad14) = 77
1264  ioctl(11, _IOC(_IOC_READ, 0x59, 0x06, 0x04), 0x7195ad14) = 0
1264  ioctl(11, _IOC(_IOC_READ, 0x59, 0x06, 0x04) <unfinished ...>
1271  ioctl(8, _IOC(_IOC_READ|_IOC_WRITE, 0x65, 0x2a, 0x04), 0x74939cf4) = 0
1271  ioctl(8, _IOC(_IOC_READ|_IOC_WRITE, 0x65, 0x29, 0x04), 0x74939ce4) = 0
1271  ioctl(8, _IOC(_IOC_READ, 0x65, 0x37, 0x04), 0x74939cc8) = 0
1271  ioctl(8, _IOC(_IOC_READ|_IOC_WRITE, 0x65, 0x2a, 0x04), 0x74939cf4) = 0
1271  ioctl(8, _IOC(_IOC_READ|_IOC_WRITE, 0x65, 0x29, 0x04), 0x74939ce4) = 0
1271  ioctl(8, _IOC(_IOC_READ, 0x65, 0x37, 0x04), 0x74939cc8) = 0
1271  ioctl(8, _IOC(_IOC_READ|_IOC_WRITE, 0x65, 0x2a, 0x04), 0x74939cf4) = 0
1271  ioctl(8, _IOC(_IOC_READ|_IOC_WRITE, 0x65, 0x29, 0x04), 0x74939ce4) = 0
1264  <... ioctl resumed> , 0x7195ad14) = 77
1264  ioctl(11, _IOC(_IOC_READ, 0x59, 0x06, 0x04), 0x7195ad14) = 0
1264  ioctl(11, _IOC(_IOC_READ, 0x59, 0x06, 0x04) <unfinished ...>
1203  <... ioctl resumed> , 0x2)        = 0
1271  ioctl(8, _IOC(_IOC_READ|_IOC_WRITE, 0x65, 0x2a, 0x04), 0x74939cf4) = 0
1271  ioctl(8, _IOC(_IOC_READ|_IOC_WRITE, 0x65, 0x29, 0x04), 0x74939ce4) = 0
1271  ioctl(8, _IOC(_IOC_READ, 0x65, 0x37, 0x04), 0x74939cc8) = 0
1271  ioctl(8, _IOC(_IOC_READ|_IOC_WRITE, 0x65, 0x2a, 0x04), 0x74939cf4) = 0
1271  ioctl(8, _IOC(_IOC_READ|_IOC_WRITE, 0x65, 0x29, 0x04), 0x74939ce4) = 0
1271  ioctl(8, _IOC(_IOC_READ, 0x65, 0x37, 0x04), 0x74939cc8) = 0
1271  ioctl(8, _IOC(_IOC_READ|_IOC_WRITE, 0x65, 0x2a, 0x04), 0x74939cf4) = 0
1271  ioctl(8, _IOC(_IOC_READ|_IOC_WRITE, 0x65, 0x29, 0x04), 0x74939ce4) = 0
1264  <... ioctl resumed> , 0x7195ad14) = 77
1264  ioctl(11, _IOC(_IOC_READ, 0x59, 0x06, 0x04), 0x7195ad14) = 0
1264  ioctl(11, _IOC(_IOC_READ, 0x59, 0x06, 0x04), 0x7195ad14) = 78
1264  ioctl(11, _IOC(_IOC_READ, 0x59, 0x06, 0x04), 0x7195ad14) = 0
1271  ioctl(8, _IOC(_IOC_READ|_IOC_WRITE, 0x65, 0x2a, 0x04), 0x74939cf4) = 0
1271  ioctl(8, _IOC(_IOC_READ|_IOC_WRITE, 0x65, 0x29, 0x04), 0x74939ce4) = 0
1271  ioctl(8, _IOC(_IOC_READ, 0x65, 0x37, 0x04), 0x74939cc8) = 0
1271  ioctl(8, _IOC(_IOC_READ|_IOC_WRITE, 0x65, 0x2a, 0x04), 0x74939cf4) = 0
1271  ioctl(8, _IOC(_IOC_READ|_IOC_WRITE, 0x65, 0x29, 0x04), 0x74939ce4) = 0
1271  ioctl(8, _IOC(_IOC_READ, 0x65, 0x37, 0x04), 0x74939cc8) = 0
1271  ioctl(8, _IOC(_IOC_READ|_IOC_WRITE, 0x65, 0x2a, 0x04), 0x74939cf4) = 0
1271  ioctl(8, _IOC(_IOC_READ|_IOC_WRITE, 0x65, 0x29, 0x04), 0x74939ce4) = 0
1264  ioctl(11, _IOC(_IOC_READ, 0x59, 0x06, 0x04), 0x7195ad14) = 0
1264  ioctl(11, _IOC(_IOC_READ, 0x59, 0x06, 0x04) <unfinished ...>
1271  ioctl(8, _IOC(_IOC_READ|_IOC_WRITE, 0x65, 0x2a, 0x04), 0x74939cf4) = 0
1271  ioctl(8, _IOC(_IOC_READ|_IOC_WRITE, 0x65, 0x29, 0x04), 0x74939ce4) = 0
1271  ioctl(8, _IOC(_IOC_READ, 0x65, 0x37, 0x04), 0x74939cc8) = 0
1271  ioctl(8, _IOC(_IOC_READ|_IOC_WRITE, 0x65, 0x2a, 0x04), 0x74939cf4) = 0
1271  ioctl(8, _IOC(_IOC_READ|_IOC_WRITE, 0x65, 0x29, 0x04), 0x74939ce4) = 0
1271  ioctl(8, _IOC(_IOC_READ, 0x65, 0x37, 0x04), 0x74939cc8) = 0
1271  ioctl(8, _IOC(_IOC_READ|_IOC_WRITE, 0x65, 0x2a, 0x04), 0x74939cf4) = 0
1271  ioctl(8, _IOC(_IOC_READ|_IOC_WRITE, 0x65, 0x29, 0x04), 0x74939ce4) = 0
1264  <... ioctl resumed> , 0x7195ad14) = 77
1264  ioctl(11, _IOC(_IOC_READ, 0x59, 0x06, 0x04), 0x7195ad14) = 0
1264  ioctl(11, _IOC(_IOC_READ, 0x59, 0x06, 0x04), 0x7195ad14) = 0
1264  ioctl(11, _IOC(_IOC_READ, 0x59, 0x06, 0x04) <unfinished ...>
1271  ioctl(8, _IOC(_IOC_READ|_IOC_WRITE, 0x65, 0x2a, 0x04), 0x74939cf4) = 0
1271  ioctl(8, _IOC(_IOC_READ|_IOC_WRITE, 0x65, 0x29, 0x04), 0x74939ce4) = 0
1271  ioctl(8, _IOC(_IOC_READ, 0x65, 0x37, 0x04), 0x74939cc8) = 0
1271  ioctl(8, _IOC(_IOC_READ|_IOC_WRITE, 0x65, 0x2a, 0x04), 0x74939cf4) = 0
1271  ioctl(8, _IOC(_IOC_READ|_IOC_WRITE, 0x65, 0x29, 0x04), 0x74939ce4) = 0
1271  ioctl(8, _IOC(_IOC_READ, 0x65, 0x37, 0x04), 0x74939cc8) = 0
1271  ioctl(8, _IOC(_IOC_READ|_IOC_WRITE, 0x65, 0x2a, 0x04), 0x74939cf4) = 0
1271  ioctl(8, _IOC(_IOC_READ|_IOC_WRITE, 0x65, 0x29, 0x04), 0x74939ce4) = 0
1264  <... ioctl resumed> , 0x7195ad14) = 77
1264  ioctl(11, _IOC(_IOC_READ, 0x59, 0x06, 0x04), 0x7195ad14) = 0
1264  ioctl(11, _IOC(_IOC_READ, 0x59, 0x06, 0x04) <unfinished ...>
1271  ioctl(8, _IOC(_IOC_READ|_IOC_WRITE, 0x65, 0x2a, 0x04), 0x74939cf4) = 0
1271  ioctl(8, _IOC(_IOC_READ|_IOC_WRITE, 0x65, 0x29, 0x04), 0x74939ce4) = 0
1271  ioctl(8, _IOC(_IOC_READ, 0x65, 0x37, 0x04), 0x74939cc8) = 0
1271  ioctl(8, _IOC(_IOC_READ|_IOC_WRITE, 0x65, 0x2a, 0x04), 0x74939cf4) = 0
1271  ioctl(8, _IOC(_IOC_READ|_IOC_WRITE, 0x65, 0x29, 0x04), 0x74939ce4) = 0
1271  ioctl(8, _IOC(_IOC_READ, 0x65, 0x37, 0x04), 0x74939cc8) = 0
1271  ioctl(8, _IOC(_IOC_READ|_IOC_WRITE, 0x65, 0x2a, 0x04), 0x74939cf4) = 0
1271  ioctl(8, _IOC(_IOC_READ|_IOC_WRITE, 0x65, 0x29, 0x04), 0x74939ce4) = 0
1264  <... ioctl resumed> , 0x7195ad14) = 77
1264  ioctl(11, _IOC(_IOC_READ, 0x59, 0x06, 0x04), 0x7195ad14) = 0
1264  ioctl(11, _IOC(_IOC_READ, 0x59, 0x06, 0x04), 0x7195ad14) = 0
1264  ioctl(11, _IOC(_IOC_READ, 0x59, 0x06, 0x04) <unfinished ...>
1271  ioctl(8, _IOC(_IOC_READ|_IOC_WRITE, 0x65, 0x2a, 0x04), 0x74939cf4) = 0
1271  ioctl(8, _IOC(_IOC_READ|_IOC_WRITE, 0x65, 0x29, 0x04), 0x74939ce4) = 0
1271  ioctl(8, _IOC(_IOC_READ, 0x65, 0x37, 0x04), 0x74939cc8) = 0
1271  ioctl(8, _IOC(_IOC_READ|_IOC_WRITE, 0x65, 0x2a, 0x04), 0x74939cf4) = 0
1271  ioctl(8, _IOC(_IOC_READ|_IOC_WRITE, 0x65, 0x29, 0x04), 0x74939ce4) = 0
1271  ioctl(8, _IOC(_IOC_READ, 0x65, 0x37, 0x04), 0x74939cc8) = 0
1271  ioctl(8, _IOC(_IOC_READ|_IOC_WRITE, 0x65, 0x2a, 0x04), 0x74939cf4) = 0
1271  ioctl(8, _IOC(_IOC_READ|_IOC_WRITE, 0x65, 0x29, 0x04), 0x74939ce4) = 0
1264  <... ioctl resumed> , 0x7195ad14) = 77
1264  ioctl(11, _IOC(_IOC_READ, 0x59, 0x06, 0x04), 0x7195ad14) = 0
1264  ioctl(11, _IOC(_IOC_READ, 0x59, 0x06, 0x04) <unfinished ...>
1271  ioctl(8, _IOC(_IOC_READ|_IOC_WRITE, 0x65, 0x2a, 0x04), 0x74939cf4) = 0
1271  ioctl(8, _IOC(_IOC_READ|_IOC_WRITE, 0x65, 0x29, 0x04), 0x74939ce4) = 0
1271  ioctl(8, _IOC(_IOC_READ, 0x65, 0x37, 0x04), 0x74939cc8) = 0
1271  ioctl(8, _IOC(_IOC_READ|_IOC_WRITE, 0x65, 0x2a, 0x04), 0x74939cf4) = 0
1271  ioctl(8, _IOC(_IOC_READ|_IOC_WRITE, 0x65, 0x29, 0x04), 0x74939ce4) = 0
1271  ioctl(8, _IOC(_IOC_READ, 0x65, 0x37, 0x04), 0x74939cc8) = 0
1271  ioctl(8, _IOC(_IOC_READ|_IOC_WRITE, 0x65, 0x2a, 0x04), 0x74939cf4) = 0
1271  ioctl(8, _IOC(_IOC_READ|_IOC_WRITE, 0x65, 0x29, 0x04), 0x74939ce4) = 0
1264  <... ioctl resumed> , 0x7195ad14) = 78
1264  ioctl(11, _IOC(_IOC_READ, 0x59, 0x06, 0x04), 0x7195ad14) = 0
1264  ioctl(11, _IOC(_IOC_READ, 0x59, 0x06, 0x04), 0x7195ad14) = 0
1264  ioctl(11, _IOC(_IOC_READ, 0x59, 0x06, 0x04), 0x7195ad14) = 0
1264  ioctl(11, _IOC(_IOC_READ, 0x59, 0x06, 0x04) <unfinished ...>
1203  ioctl(11, _IOC(_IOC_WRITE, 0x59, 0x02, 0x04), 0x7ecf2a9c) = 0
1271  ioctl(8, _IOC(_IOC_READ|_IOC_WRITE, 0x65, 0x2a, 0x04), 0x74939cf4) = 0
1271  ioctl(8, _IOC(_IOC_READ|_IOC_WRITE, 0x65, 0x29, 0x04), 0x74939ce4) = 0
1271  ioctl(8, _IOC(_IOC_READ, 0x65, 0x37, 0x04), 0x74939cc8) = 0
1271  ioctl(8, _IOC(_IOC_READ|_IOC_WRITE, 0x65, 0x2a, 0x04), 0x74939cf4) = 0
1271  ioctl(8, _IOC(_IOC_READ|_IOC_WRITE, 0x65, 0x29, 0x04), 0x74939ce4) = 0
1271  ioctl(8, _IOC(_IOC_READ, 0x65, 0x37, 0x04), 0x74939cc8) = 0
1271  ioctl(8, _IOC(_IOC_READ|_IOC_WRITE, 0x65, 0x2a, 0x04), 0x74939cf4) = 0
1271  ioctl(8, _IOC(_IOC_READ|_IOC_WRITE, 0x65, 0x29, 0x04), 0x74939ce4) = 0
1264  <... ioctl resumed> , 0x7195ad14) = 77
1264  ioctl(11, _IOC(_IOC_READ, 0x59, 0x06, 0x04), 0x7195ad14) = 0
1264  ioctl(11, _IOC(_IOC_READ, 0x59, 0x06, 0x04), 0x7195ad14) = 78
1264  ioctl(11, _IOC(_IOC_READ, 0x59, 0x06, 0x04), 0x7195ad14) = 0
1271  ioctl(8, _IOC(_IOC_READ|_IOC_WRITE, 0x65, 0x2a, 0x04), 0x74939cf4) = 0
1271  ioctl(8, _IOC(_IOC_READ|_IOC_WRITE, 0x65, 0x29, 0x04), 0x74939ce4) = 0
1271  ioctl(8, _IOC(_IOC_READ, 0x65, 0x37, 0x04), 0x74939cc8) = 0
1215  ioctl(19, SIOCETHTOOL, 0x75139c60) = 0
1271  ioctl(8, _IOC(_IOC_READ|_IOC_WRITE, 0x65, 0x2a, 0x04), 0x74939cf4) = 0
1271  ioctl(8, _IOC(_IOC_READ|_IOC_WRITE, 0x65, 0x29, 0x04), 0x74939ce4) = 0
1271  ioctl(8, _IOC(_IOC_READ, 0x65, 0x37, 0x04), 0x74939cc8) = 0
